======================================================================
ПРОВЕРКА ИНДЕНТАЦИИ - 2025-10-31 14:04:27
Директория: D:\may_game\game
======================================================================

Проверено файлов: 12

НАЙДЕНО ОШИБОК: 1

ОШИБКА ИНДЕНТАЦИИ в game\graphics.py:175
  Сообщение: expected an indented block after 'if' statement on line 174
  Строка: image.fill((100, 120, 160))
----------------------------------------------------------------------
======================================================================

======================================================================
ПРОВЕРКА ИНДЕНТАЦИИ - 2025-10-31 14:04:54
Директория: D:\may_game\game
======================================================================

Проверено файлов: 12

НАЙДЕНО ОШИБОК: 1

ОШИБКА ИНДЕНТАЦИИ в game\graphics.py:208
  Сообщение: expected an indented block after 'if' statement on line 207
  Строка: image.fill((40,0,60))
----------------------------------------------------------------------
======================================================================

======================================================================
ПРОВЕРКА ИНДЕНТАЦИИ - 2025-10-31 14:05:02
Директория: D:\may_game
======================================================================

Проверено файлов: 16

НАЙДЕНО ОШИБОК: 1

ОШИБКА ИНДЕНТАЦИИ в .\game\graphics.py:208
  Сообщение: expected an indented block after 'if' statement on line 207
  Строка: image.fill((40,0,60))
----------------------------------------------------------------------
======================================================================

======================================================================
ПРОВЕРКА ИНДЕНТАЦИИ - 2025-10-31 14:05:32
Директория: D:\may_game
======================================================================

Проверено файлов: 16

НАЙДЕНО ОШИБОК: 1

ОШИБКА ИНДЕНТАЦИИ в .\game\graphics.py:175
  Сообщение: expected an indented block after 'if' statement on line 174
  Строка: image.fill((100, 120, 160))
----------------------------------------------------------------------
======================================================================

======================================================================
ПРОВЕРКА ИНДЕНТАЦИИ - 2025-10-31 14:06:26
Директория: D:\may_game
======================================================================

Проверено файлов: 16

НАЙДЕНО ОШИБОК: 1

ОШИБКА ИНДЕНТАЦИИ в .\game\graphics.py:175
  Сообщение: expected an indented block after 'if' statement on line 174
  Строка: image.fill((100, 120, 160))
----------------------------------------------------------------------
======================================================================

======================================================================
ПРОВЕРКА ИНДЕНТАЦИИ - 2025-10-31 14:09:08
Директория: D:\may_game\game
======================================================================

Проверено файлов: 12

НАЙДЕНО ОШИБОК: 1

ОШИБКА ИНДЕНТАЦИИ в game\graphics.py:175
  Сообщение: expected an indented block after 'if' statement on line 174
  Строка: image.fill((100, 120, 160))
----------------------------------------------------------------------
======================================================================

======================================================================
ПРОВЕРКА ИНДЕНТАЦИИ - 2025-10-31 14:09:39
Директория: D:\may_game\game
======================================================================

Проверено файлов: 12

НАЙДЕНО ОШИБОК: 1

ОШИБКА ИНДЕНТАЦИИ в game\graphics.py:208
  Сообщение: expected an indented block after 'if' statement on line 207
  Строка: image.fill((40,0,60))
----------------------------------------------------------------------
======================================================================

======================================================================
ПРОВЕРКА ИНДЕНТАЦИИ - 2025-10-31 14:10:00
Директория: D:\may_game
======================================================================

Проверено файлов: 16

✅ ОШИБОК НЕ НАЙДЕНО!
======================================================================

======================================================================
ПРОВЕРКА ИНДЕНТАЦИИ - 2025-10-31 14:18:48
Директория: D:\may_game
======================================================================

Проверено файлов: 16

НАЙДЕНО ОШИБОК: 1

ОШИБКА ИНДЕНТАЦИИ в .\game\core.py:1075
  Сообщение: expected an indented block after 'if' statement on line 1074
  Строка: label = f"Ходит: {active.unit_type.capitalize()} ({TEAM_LABELS.get(active.team, active.team)})"
----------------------------------------------------------------------
======================================================================

======================================================================
ПРОВЕРКА ИНДЕНТАЦИИ - 2025-10-31 14:19:09
Директория: D:\may_game
======================================================================

Проверено файлов: 16

НАЙДЕНО ОШИБОК: 1

ОШИБКА ИНДЕНТАЦИИ в .\game\core.py:1616
  Сообщение: expected an indented block after 'else' statement on line 1615
  Строка: hero_icon = load_image(f'hero_{self.player1_race}')
----------------------------------------------------------------------
======================================================================

======================================================================
ПРОВЕРКА ИНДЕНТАЦИИ - 2025-10-31 14:19:31
Директория: D:\may_game
======================================================================

Проверено файлов: 16

НАЙДЕНО ОШИБОК: 1

ОШИБКА ИНДЕНТАЦИИ в .\game\core.py:1769
  Сообщение: expected an indented block after 'else' statement on line 1768
  Строка: hero_icon2 = load_image(f'hero_{self.player2_race}')
----------------------------------------------------------------------
======================================================================

======================================================================
ПРОВЕРКА ИНДЕНТАЦИИ - 2025-10-31 14:19:51
Директория: D:\may_game
======================================================================

Проверено файлов: 16

НАЙДЕНО ОШИБОК: 1

ОШИБКА ИНДЕНТАЦИИ в .\game\core.py:2240
  Сообщение: expected an indented block after 'if' statement on line 2239
  Строка: data = self.unit_overrides.get(unit.__class__.__name__)
----------------------------------------------------------------------
======================================================================

======================================================================
ПРОВЕРКА ИНДЕНТАЦИИ - 2025-10-31 14:20:14
Директория: D:\may_game
======================================================================

Проверено файлов: 16

НАЙДЕНО ОШИБОК: 1

ОШИБКА ИНДЕНТАЦИИ в .\game\core.py:2435
  Сообщение: unexpected indent
  Строка: return
----------------------------------------------------------------------
======================================================================

======================================================================
ПРОВЕРКА ИНДЕНТАЦИИ - 2025-10-31 14:23:50
Директория: D:\may_game\game
======================================================================

Проверено файлов: 12

НАЙДЕНО ОШИБОК: 1

ОШИБКА ИНДЕНТАЦИИ в game\core.py:2435
  Сообщение: unexpected indent
  Строка: return
----------------------------------------------------------------------
======================================================================

======================================================================
ПРОВЕРКА ИНДЕНТАЦИИ - 2025-10-31 14:25:29
Директория: D:\may_game\game
======================================================================

Проверено файлов: 12

НАЙДЕНО ОШИБОК: 1

ОШИБКА ИНДЕНТАЦИИ в game\core.py:3731
  Сообщение: unexpected indent
  Строка: self.animate_queue_fade(attacker)
----------------------------------------------------------------------
======================================================================

======================================================================
ПРОВЕРКА ИНДЕНТАЦИИ - 2025-10-31 14:27:26
Директория: D:\may_game\game
======================================================================

Проверено файлов: 12

НАЙДЕНО ОШИБОК: 1

ОШИБКА ИНДЕНТАЦИИ в game\core.py:4623
  Сообщение: expected an indented block after 'else' statement on line 4621
  Строка: if self.selected_unit.team in ['human', 'elf']:
----------------------------------------------------------------------
======================================================================

======================================================================
ПРОВЕРКА ИНДЕНТАЦИИ - 2025-10-31 14:28:56
Директория: D:\may_game\game
======================================================================

Проверено файлов: 12

НАЙДЕНО ОШИБОК: 1

ОШИБКА ИНДЕНТАЦИИ в game\core.py:4635
  Сообщение: unexpected indent
  Строка: self.animate_queue_fade(clicked_unit)
----------------------------------------------------------------------
======================================================================

======================================================================
ПРОВЕРКА ИНДЕНТАЦИИ - 2025-10-31 14:29:41
Директория: D:\may_game\game
======================================================================

Проверено файлов: 12

✅ ОШИБОК НЕ НАЙДЕНО!
======================================================================

======================================================================
ПРОВЕРКА ИНДЕНТАЦИИ - 2025-10-31 14:32:15
Директория: D:\may_game\game
======================================================================

Проверено файлов: 12

✅ ОШИБОК НЕ НАЙДЕНО!
======================================================================

======================================================================
ПРОВЕРКА ИНДЕНТАЦИИ - 2025-10-31 14:44:14
Директория: D:\may_game\game
======================================================================

Проверено файлов: 12

НАЙДЕНО ОШИБОК: 1

СИНТАКСИЧЕСКАЯ ОШИБКА в game\core.py:7946
  Сообщение: invalid syntax
  Строка: else:
----------------------------------------------------------------------
======================================================================

======================================================================
ПРОВЕРКА ИНДЕНТАЦИИ - 2025-10-31 14:46:17
Директория: D:\may_game\game
======================================================================

Проверено файлов: 12

✅ ОШИБОК НЕ НАЙДЕНО!
======================================================================

======================================================================
ПРОВЕРКА ИНДЕНТАЦИИ - 2025-10-31 14:49:00
Директория: D:\may_game\game
======================================================================

Проверено файлов: 12

✅ ОШИБОК НЕ НАЙДЕНО!
======================================================================

======================================================================
ПРОВЕРКА ИНДЕНТАЦИИ - 2025-10-31 14:49:26
Директория: D:\may_game\game
======================================================================

Проверено файлов: 12

✅ ОШИБОК НЕ НАЙДЕНО!
======================================================================

======================================================================
ПРОВЕРКА ИНДЕНТАЦИИ - 2025-10-31 14:52:10
Директория: D:\may_game\game
======================================================================

Проверено файлов: 12

✅ ОШИБОК НЕ НАЙДЕНО!
======================================================================

======================================================================
ПРОВЕРКА ИНДЕНТАЦИИ - 2025-10-31 14:56:05
Директория: D:\may_game\game
======================================================================

Проверено файлов: 12

✅ ОШИБОК НЕ НАЙДЕНО!
======================================================================

======================================================================
ПРОВЕРКА ИНДЕНТАЦИИ - 2025-10-31 14:57:41
Директория: D:\may_game\game
======================================================================

Проверено файлов: 12

✅ ОШИБОК НЕ НАЙДЕНО!
======================================================================

======================================================================
ПРОВЕРКА ИНДЕНТАЦИИ - 2025-10-31 15:00:26
Директория: D:\may_game\game
======================================================================

Проверено файлов: 12

✅ ОШИБОК НЕ НАЙДЕНО!
======================================================================

======================================================================
ПРОВЕРКА ИНДЕНТАЦИИ - 2025-10-31 15:00:50
Директория: D:\may_game\game
======================================================================

Проверено файлов: 12

✅ ОШИБОК НЕ НАЙДЕНО!
======================================================================

======================================================================
ПРОВЕРКА ИНДЕНТАЦИИ - 2025-10-31 15:04:09
Директория: D:\may_game\game
======================================================================

Проверено файлов: 12

✅ ОШИБОК НЕ НАЙДЕНО!
======================================================================

======================================================================
ПРОВЕРКА ИНДЕНТАЦИИ - 2025-10-31 15:11:22
Директория: D:\may_game\game
======================================================================

Проверено файлов: 12

✅ ОШИБОК НЕ НАЙДЕНО!
======================================================================

======================================================================
ПРОВЕРКА ИНДЕНТАЦИИ - 2025-10-31 15:13:41
Директория: D:\may_game\game
======================================================================

Проверено файлов: 12

✅ ОШИБОК НЕ НАЙДЕНО!
======================================================================

======================================================================
ПРОВЕРКА ИНДЕНТАЦИИ - 2025-10-31 15:26:16
Директория: D:\may_game\game
======================================================================

Проверено файлов: 12

✅ ОШИБОК НЕ НАЙДЕНО!
======================================================================

======================================================================
ПРОВЕРКА ИНДЕНТАЦИИ - 2025-10-31 15:31:37
Директория: D:\may_game\game
======================================================================

Проверено файлов: 12

✅ ОШИБОК НЕ НАЙДЕНО!
======================================================================

======================================================================
ПРОВЕРКА ИНДЕНТАЦИИ - 2025-10-31 15:37:07
Директория: D:\may_game\game
======================================================================

Проверено файлов: 12

✅ ОШИБОК НЕ НАЙДЕНО!
======================================================================

======================================================================
ПРОВЕРКА ИНДЕНТАЦИИ - 2025-10-31 15:44:54
Директория: D:\may_game\game
======================================================================

Проверено файлов: 12

✅ ОШИБОК НЕ НАЙДЕНО!
======================================================================

======================================================================
ПРОВЕРКА ИНДЕНТАЦИИ - 2025-10-31 15:48:23
Директория: D:\may_game\game
======================================================================

Проверено файлов: 12

✅ ОШИБОК НЕ НАЙДЕНО!
======================================================================

======================================================================
ПРОВЕРКА ИНДЕНТАЦИИ - 2025-10-31 15:59:59
Директория: D:\may_game\game
======================================================================

Проверено файлов: 12

✅ ОШИБОК НЕ НАЙДЕНО!
======================================================================

======================================================================
ПРОВЕРКА ИНДЕНТАЦИИ - 2025-11-05 15:10:55
Директория: D:\may_game
======================================================================

Проверено файлов: 25

✅ ОШИБОК НЕ НАЙДЕНО!
======================================================================

