[2025-11-03 10:27:03.413] ПОПЫТКА_КАСТА | кастер=hero (warrior) | заклинание=Воскрешение | иконка=resurrection | позиция=(1, 7) | есть_цель=True | мана_кастера=20 | стоимость_маны=12
[2025-11-03 10:27:03.414] ПОПЫТКА_КАСТА | кастер=hero (warrior) | заклинание=Воскрешение | иконка=resurrection | позиция=(1, 7) | есть_цель=False | мана_кастера=20 | стоимость_маны=12
[2025-11-03 10:27:03.414] ПРОВЕРКА_ЗАКЛИНАНИЯ | позиция=(1, 7) | живой_юнит=swordsman (human) | труп=Нет
[2025-11-03 10:27:03.415] ЛОГИКА_ВОСКРЕШЕНИЯ_ОТРЯДА | юнит=swordsman | текущий_отряд=10 | базовый_отряд=11 | мертвые_юниты=1 | лечение=45 | HP_юнита=90 | воскрешено_юнитов=0
[2025-11-03 10:37:16.619] ПОПЫТКА_КАСТА | кастер=hero (warrior) | заклинание=Воскрешение | иконка=resurrection | позиция=(1, 1) | есть_цель=True | мана_кастера=20 | стоимость_маны=12
[2025-11-03 10:37:16.619] ПОПЫТКА_КАСТА | кастер=hero (warrior) | заклинание=Воскрешение | иконка=resurrection | позиция=(1, 1) | есть_цель=False | мана_кастера=20 | стоимость_маны=12
[2025-11-03 10:37:16.620] ПРОВЕРКА_ЗАКЛИНАНИЯ | позиция=(1, 1) | живой_юнит=peasant (human) | труп=Нет
[2025-11-03 10:37:16.620] ЛОГИКА_ВОСКРЕШЕНИЯ_ОТРЯДА | юнит=peasant | текущий_отряд=24 | базовый_отряд=25 | мертвые_юниты=1 | лечение=45 | HP_юнита=50 | воскрешено_юнитов=0
[2025-11-03 10:42:52.730] ПОПЫТКА_КАСТА | кастер=hero (mage) | заклинание=Воскрешение | иконка=resurrection | позиция=(1, 1) | есть_цель=True | мана_кастера=150 | стоимость_маны=12
[2025-11-03 10:42:52.731] ПОПЫТКА_КАСТА | кастер=hero (mage) | заклинание=Воскрешение | иконка=resurrection | позиция=(1, 1) | есть_цель=False | мана_кастера=150 | стоимость_маны=12
[2025-11-03 10:42:52.731] ПРОВЕРКА_ЗАКЛИНАНИЯ | позиция=(1, 1) | живой_юнит=peasant (human) | труп=Нет
[2025-11-03 10:42:52.732] ЛОГИКА_ВОСКРЕШЕНИЯ_ОТРЯДА | юнит=peasant | текущий_отряд=39 | базовый_отряд=40 | мертвые_юниты=1 | лечение=85 | HP_юнита=50 | воскрешено_юнитов=1
[2025-11-03 10:42:52.732] РЕЗУЛЬТАТ | успех=True | сообщение=Воскрешено 1 юнитов в отряде Peasant! (отряд: 39 -> 40/40)
[2025-11-03 10:43:58.930] ПОПЫТКА_КАСТА | кастер=hero (mage) | заклинание=Воскрешение | иконка=resurrection | позиция=(1, 1) | есть_цель=True | мана_кастера=144 | стоимость_маны=12
[2025-11-03 10:43:58.931] ПОПЫТКА_КАСТА | кастер=hero (mage) | заклинание=Воскрешение | иконка=resurrection | позиция=(1, 1) | есть_цель=False | мана_кастера=144 | стоимость_маны=12
[2025-11-03 10:43:58.931] ПРОВЕРКА_ЗАКЛИНАНИЯ | позиция=(1, 1) | живой_юнит=peasant (human) | труп=Нет
[2025-11-03 10:43:58.932] ЛОГИКА_ВОСКРЕШЕНИЯ_ОТРЯДА | юнит=peasant | текущий_отряд=38 | базовый_отряд=40 | мертвые_юниты=2 | лечение=85 | HP_юнита=50 | воскрешено_юнитов=1
[2025-11-03 10:43:58.932] РЕЗУЛЬТАТ | успех=True | сообщение=Воскрешено 1 юнитов в отряде Peasant! (отряд: 38 -> 39/40)
[2025-11-03 10:57:41.815] ПОПЫТКА_КАСТА | кастер=hero (mage) | заклинание=Воскрешение | иконка=resurrection | позиция=(1, 1) | есть_цель=True | мана_кастера=150 | стоимость_маны=12
[2025-11-03 10:57:43.030] ПОПЫТКА_КАСТА | кастер=hero (mage) | заклинание=Воскрешение | иконка=resurrection | позиция=(1, 1) | есть_цель=False | мана_кастера=150 | стоимость_маны=12
[2025-11-03 10:57:43.030] ПРОВЕРКА_ЗАКЛИНАНИЯ | позиция=(1, 1) | живой_юнит=peasant (human) | труп=Нет
[2025-11-03 10:57:43.031] ЛОГИКА_ВОСКРЕШЕНИЯ_ОТРЯДА | юнит=peasant | текущий_отряд=19 | базовый_отряд=22 | мертвые_юниты=3 | лечение=85 | HP_юнита=50 | воскрешено_юнитов=1
[2025-11-03 10:57:43.031] РЕЗУЛЬТАТ | успех=True | сообщение=Воскрешено 1 юнитов в отряде Peasant! (отряд: 19 -> 20/22)
[2025-11-03 10:59:04.438] ПОПЫТКА_КАСТА | кастер=hero (mage) | заклинание=Воскрешение | иконка=resurrection | позиция=(1, 7) | есть_цель=True | мана_кастера=144 | стоимость_маны=12
[2025-11-03 10:59:05.707] ПОПЫТКА_КАСТА | кастер=hero (mage) | заклинание=Воскрешение | иконка=resurrection | позиция=(1, 7) | есть_цель=False | мана_кастера=144 | стоимость_маны=12
[2025-11-03 10:59:05.707] ПРОВЕРКА_ЗАКЛИНАНИЯ | позиция=(1, 7) | живой_юнит=swordsman (human) | труп=Нет
[2025-11-03 10:59:05.707] ЛОГИКА_ВОСКРЕШЕНИЯ_ОТРЯДА | юнит=swordsman | текущий_отряд=12 | базовый_отряд=13 | мертвые_юниты=1 | лечение=85 | HP_юнита=90 | воскрешено_юнитов=0
[2025-11-03 10:59:18.464] ПОПЫТКА_КАСТА | кастер=hero (mage) | заклинание=Воскрешение | иконка=resurrection | позиция=(1, 7) | есть_цель=True | мана_кастера=132 | стоимость_маны=12
[2025-11-03 10:59:19.685] ПОПЫТКА_КАСТА | кастер=hero (mage) | заклинание=Воскрешение | иконка=resurrection | позиция=(1, 7) | есть_цель=False | мана_кастера=132 | стоимость_маны=12
[2025-11-03 10:59:19.685] ПРОВЕРКА_ЗАКЛИНАНИЯ | позиция=(1, 7) | живой_юнит=swordsman (human) | труп=Нет
[2025-11-03 10:59:19.686] ЛОГИКА_ВОСКРЕШЕНИЯ_ОТРЯДА | юнит=swordsman | текущий_отряд=12 | базовый_отряд=13 | мертвые_юниты=1 | лечение=85 | HP_юнита=90 | воскрешено_юнитов=0
[2025-11-03 10:59:51.200] ПОПЫТКА_КАСТА | кастер=hero (mage) | заклинание=Воскрешение | иконка=resurrection | позиция=(1, 9) | есть_цель=True | мана_кастера=120 | стоимость_маны=12
[2025-11-03 10:59:52.528] ПОПЫТКА_КАСТА | кастер=hero (mage) | заклинание=Воскрешение | иконка=resurrection | позиция=(1, 9) | есть_цель=False | мана_кастера=120 | стоимость_маны=12
[2025-11-03 10:59:52.528] ПРОВЕРКА_ЗАКЛИНАНИЯ | позиция=(1, 9) | живой_юнит=gryphon (human) | труп=Нет
[2025-11-03 11:00:08.559] ПОПЫТКА_КАСТА | кастер=hero (mage) | заклинание=Воскрешение | иконка=resurrection | позиция=(1, 1) | есть_цель=True | мана_кастера=108 | стоимость_маны=12
[2025-11-03 11:00:09.834] ПОПЫТКА_КАСТА | кастер=hero (mage) | заклинание=Воскрешение | иконка=resurrection | позиция=(1, 1) | есть_цель=False | мана_кастера=108 | стоимость_маны=12
[2025-11-03 11:00:09.834] ПРОВЕРКА_ЗАКЛИНАНИЯ | позиция=(1, 1) | живой_юнит=peasant (human) | труп=Нет
[2025-11-03 11:00:09.834] ЛОГИКА_ВОСКРЕШЕНИЯ_ОТРЯДА | юнит=peasant | текущий_отряд=20 | базовый_отряд=22 | мертвые_юниты=2 | лечение=85 | HP_юнита=50 | воскрешено_юнитов=1
[2025-11-03 11:00:09.835] РЕЗУЛЬТАТ | успех=True | сообщение=Воскрешено 1 юнитов в отряде Peasant! (отряд: 20 -> 21/22)
[2025-11-03 11:17:08.312] ПОПЫТКА_КАСТА | кастер=hero (mage) | заклинание=Воскрешение | иконка=resurrection | позиция=(19, 1) | есть_цель=False | мана_кастера=150 | стоимость_маны=12
[2025-11-03 11:17:08.622] ПОПЫТКА_КАСТА | кастер=hero (mage) | заклинание=Воскрешение | иконка=resurrection | позиция=(18, 1) | есть_цель=True | мана_кастера=150 | стоимость_маны=12
[2025-11-03 11:17:10.073] ПОПЫТКА_КАСТА | кастер=hero (mage) | заклинание=Воскрешение | иконка=resurrection | позиция=(18, 1) | есть_цель=False | мана_кастера=150 | стоимость_маны=12
[2025-11-03 11:17:10.074] ПРОВЕРКА_ЗАКЛИНАНИЯ | позиция=(18, 1) | живой_юнит=peasant (human) | труп=Нет
[2025-11-03 11:17:10.074] РЕЗУЛЬТАТ | успех=True | сообщение=Воскрешено 1 юнитов
[2025-11-03 11:17:44.772] ПОПЫТКА_КАСТА | кастер=hero (mage) | заклинание=Воскрешение | иконка=resurrection | позиция=(18, 7) | есть_цель=True | мана_кастера=140 | стоимость_маны=12
[2025-11-03 11:17:46.039] ПОПЫТКА_КАСТА | кастер=hero (mage) | заклинание=Воскрешение | иконка=resurrection | позиция=(18, 7) | есть_цель=False | мана_кастера=140 | стоимость_маны=12
[2025-11-03 11:17:46.040] ПРОВЕРКА_ЗАКЛИНАНИЯ | позиция=(18, 7) | живой_юнит=swordsman (human) | труп=Нет
[2025-11-03 11:18:01.553] ПОПЫТКА_КАСТА | кастер=hero (mage) | заклинание=Воскрешение | иконка=resurrection | позиция=(18, 7) | есть_цель=True | мана_кастера=140 | стоимость_маны=12
[2025-11-03 11:18:02.856] ПОПЫТКА_КАСТА | кастер=hero (mage) | заклинание=Воскрешение | иконка=resurrection | позиция=(18, 7) | есть_цель=False | мана_кастера=140 | стоимость_маны=12
[2025-11-03 11:18:02.857] ПРОВЕРКА_ЗАКЛИНАНИЯ | позиция=(18, 7) | живой_юнит=swordsman (human) | труп=Нет
[2025-11-03 11:22:02.554] ПОПЫТКА_КАСТА | кастер=hero (mage) | заклинание=Воскрешение | иконка=resurrection | позиция=(18, 1) | есть_цель=True | мана_кастера=150 | стоимость_маны=12
[2025-11-03 11:22:03.761] ПОПЫТКА_КАСТА | кастер=hero (mage) | заклинание=Воскрешение | иконка=resurrection | позиция=(18, 1) | есть_цель=False | мана_кастера=150 | стоимость_маны=12
[2025-11-03 11:22:03.761] ПРОВЕРКА_ЗАКЛИНАНИЯ | позиция=(18, 1) | живой_юнит=peasant (human) | труп=Нет
[2025-11-03 11:22:03.762] РЕЗУЛЬТАТ | успех=True | сообщение=Воскрешено юнитов в отряде
[2025-11-03 11:35:41.509] ПОПЫТКА_КАСТА | кастер=hero (mage) | заклинание=Воскрешение | иконка=resurrection | позиция=(9, 4) | есть_цель=False | мана_кастера=150 | стоимость_маны=12
[2025-11-03 11:35:42.812] ПОПЫТКА_КАСТА | кастер=hero (mage) | заклинание=Воскрешение | иконка=resurrection | позиция=(9, 4) | есть_цель=False | мана_кастера=150 | стоимость_маны=12
[2025-11-03 11:35:42.812] ПРОВЕРКА_ЗАКЛИНАНИЯ | позиция=(9, 4) | живой_юнит=None (None) | труп=Да
[2025-11-03 11:45:58.502] ПОПЫТКА_КАСТА | кастер=hero (mage) | заклинание=Воскрешение | иконка=resurrection | позиция=(7, 4) | есть_цель=False | мана_кастера=150 | стоимость_маны=12
[2025-11-03 11:45:59.746] ПОПЫТКА_КАСТА | кастер=hero (mage) | заклинание=Воскрешение | иконка=resurrection | позиция=(7, 4) | есть_цель=False | мана_кастера=150 | стоимость_маны=12
[2025-11-03 11:45:59.746] ПРОВЕРКА_ЗАКЛИНАНИЯ | позиция=(7, 4) | живой_юнит=None (None) | труп=Да
[2025-11-03 11:52:45.593] ПОПЫТКА_КАСТА | кастер=hero (archer) | заклинание=Воскрешение | иконка=resurrection | позиция=(11, 7) | есть_цель=False | мана_кастера=30 | стоимость_маны=12
[2025-11-03 11:52:46.833] ПОПЫТКА_КАСТА | кастер=hero (archer) | заклинание=Воскрешение | иконка=resurrection | позиция=(11, 7) | есть_цель=False | мана_кастера=30 | стоимость_маны=12
[2025-11-03 11:52:46.833] ПРОВЕРКА_ЗАКЛИНАНИЯ | позиция=(11, 7) | живой_юнит=None (None) | труп=Да
[2025-11-05 16:58:48.016] ПОПЫТКА_КАСТА | кастер=hero (mage) | заклинание=Воскрешение | иконка=resurrection | позиция=(16, 8) | есть_цель=True | мана_кастера=128 | стоимость_маны=12
[2025-11-05 16:58:49.329] ПОПЫТКА_КАСТА | кастер=hero (mage) | заклинание=Воскрешение | иконка=resurrection | позиция=(16, 8) | есть_цель=False | мана_кастера=128 | стоимость_маны=12
[2025-11-05 16:58:49.329] ПРОВЕРКА_ЗАКЛИНАНИЯ | позиция=(16, 8) | живой_юнит=swordsman (human) | труп=Нет
[2025-11-05 16:58:49.330] РЕЗУЛЬТАТ | успех=True | сообщение=Воскрешено юнитов в отряде
[2025-11-05 23:05:39.409] ПОПЫТКА_КАСТА | кастер=hero (mage) | заклинание=Воскрешение | иконка=resurrection | позиция=(6, 7) | есть_цель=True | мана_кастера=108 | стоимость_маны=12
[2025-11-05 23:05:40.505] ПОПЫТКА_КАСТА | кастер=hero (mage) | заклинание=Воскрешение | иконка=resurrection | позиция=(6, 7) | есть_цель=False | мана_кастера=108 | стоимость_маны=12
[2025-11-05 23:05:40.505] ПРОВЕРКА_ЗАКЛИНАНИЯ | позиция=(6, 7) | живой_юнит=swordsman (human) | труп=Нет
[2025-11-05 23:05:40.506] РЕЗУЛЬТАТ | успех=True | сообщение=Воскрешено юнитов в отряде
